Java HotSpot(TM) 64-Bit Server VM (25.144-b01) for bsd-amd64 JRE (1.8.0_144-b01), built on Jul 21 2017 22:07:42 by "java_re" with gcc 4.2.1 (Based on Apple Inc. build 5658) (LLVM build 2336.11.00)
Memory: 4k page, physical 8388608k(630756k free)

/proc/meminfo:

CommandLine flags: -XX:InitialHeapSize=1073741824 -XX:MaxHeapSize=1073741824 -XX:MaxNewSize=943718400 -XX:NewSize=943718400 -XX:+PrintGC -XX:+PrintGCDetails -XX:+PrintGCTimeStamps -XX:SurvivorRatio=1 -XX:+UseCompressedClassPointers -XX:+UseCompressedOops -XX:+UseSerialGC 
6.140: [GC (Allocation Failure) 6.140: [DefNew: 307200K->227207K(614400K), 0.3064225 secs] 307200K->227207K(741376K), 0.3065304 secs] [Times: user=0.22 sys=0.08, real=0.31 secs] 
13.196: [GC (Allocation Failure) 13.196: [DefNew (promotion failed) : 534407K->594954K(614400K), 0.9831190 secs]14.193: [Tenured: 126976K->126976K(126976K), 0.4878785 secs] 534407K->512867K(741376K), [Metaspace: 8748K->8748K(1056768K)], 1.4845878 secs] [Times: user=1.06 sys=0.28, real=1.49 secs] 
20.417: [Full GC (Allocation Failure) 20.417: [Tenured: 126976K->98133K(126976K), 0.1525444 secs] 741375K->98133K(741376K), [Metaspace: 8837K->8837K(1056768K)], 0.1526056 secs] [Times: user=0.16 sys=0.00, real=0.15 secs] 
27.792: [GC (Allocation Failure) 27.792: [DefNew: 307200K->307200K(614400K), 0.0000143 secs]27.792: [Tenured: 98133K->126976K(126976K), 0.3089941 secs] 405333K->399419K(741376K), [Metaspace: 8876K->8876K(1056768K)], 0.3090800 secs] [Times: user=0.30 sys=0.01, real=0.31 secs] 
36.566: [Full GC (Allocation Failure) 36.566: [Tenured: 126976K->96188K(126976K), 0.1413166 secs] 741375K->96188K(741376K), [Metaspace: 8928K->8928K(1056768K)], 0.1413840 secs] [Times: user=0.14 sys=0.00, real=0.14 secs] 
43.986: [GC (Allocation Failure) 43.986: [DefNew: 307200K->307200K(614400K), 0.0000132 secs]43.986: [Tenured: 96188K->126975K(126976K), 0.3294740 secs] 403388K->399841K(741376K), [Metaspace: 8976K->8976K(1056768K)], 0.3295561 secs] [Times: user=0.32 sys=0.00, real=0.33 secs] 
52.813: [Full GC (Allocation Failure) 52.826: [Tenured: 126975K->101493K(126976K), 0.1729370 secs] 741375K->101493K(741376K), [Metaspace: 9001K->9001K(1056768K)], 0.1861888 secs] [Times: user=0.16 sys=0.00, real=0.19 secs] 
60.297: [GC (Allocation Failure) 60.297: [DefNew: 307200K->307200K(614400K), 0.0000134 secs]60.297: [Tenured: 101493K->126975K(126976K), 0.3315220 secs] 408693K->406335K(741376K), [Metaspace: 9021K->9021K(1056768K)], 0.3316405 secs] [Times: user=0.33 sys=0.00, real=0.34 secs] 
69.155: [Full GC (Allocation Failure) 69.171: [Tenured: 126975K->93225K(126976K), 0.1644583 secs] 741375K->93225K(741376K), [Metaspace: 9050K->9050K(1058816K)], 0.1807173 secs] [Times: user=0.16 sys=0.00, real=0.18 secs] 
76.560: [GC (Allocation Failure) 76.560: [DefNew: 307200K->307200K(614400K), 0.0000129 secs]76.560: [Tenured: 93225K->126975K(126976K), 0.3396575 secs] 400425K->398703K(741376K), [Metaspace: 9051K->9051K(1058816K)], 0.3397356 secs] [Times: user=0.32 sys=0.01, real=0.34 secs] 
85.339: [Full GC (Allocation Failure) 85.349: [Tenured: 126975K->93458K(126976K), 0.1355947 secs] 741375K->93458K(741376K), [Metaspace: 9068K->9068K(1058816K)], 0.1458617 secs] [Times: user=0.14 sys=0.00, real=0.14 secs] 
92.710: [GC (Allocation Failure) 92.710: [DefNew: 307200K->307200K(614400K), 0.0000179 secs]92.710: [Tenured: 93458K->126975K(126976K), 0.3180221 secs] 400658K->399261K(741376K), [Metaspace: 9077K->9077K(1058816K)], 0.3181212 secs] [Times: user=0.31 sys=0.00, real=0.32 secs] 
101.495: [Full GC (Allocation Failure) 101.516: [Tenured: 126975K->97918K(126976K), 0.1466291 secs] 741375K->97918K(741376K), [Metaspace: 9078K->9078K(1058816K)], 0.1668626 secs] [Times: user=0.15 sys=0.01, real=0.17 secs] 
108.957: [GC (Allocation Failure) 108.957: [DefNew: 307200K->307200K(614400K), 0.0000130 secs]108.957: [Tenured: 97918K->126975K(126976K), 0.3122368 secs] 405118K->403848K(741376K), [Metaspace: 9081K->9081K(1058816K)], 0.3123216 secs] [Times: user=0.31 sys=0.00, real=0.32 secs] 
117.692: [Full GC (Allocation Failure) 117.692: [Tenured: 126975K->97953K(126976K), 0.1402916 secs] 741375K->97953K(741376K), [Metaspace: 9084K->9084K(1058816K)], 0.1403780 secs] [Times: user=0.14 sys=0.01, real=0.14 secs] 
125.016: [GC (Allocation Failure) 125.016: [DefNew: 307200K->307200K(614400K), 0.0000124 secs]125.016: [Tenured: 97953K->126975K(126976K), 0.2921678 secs] 405153K->401336K(741376K), [Metaspace: 9096K->9096K(1058816K)], 0.2922448 secs] [Times: user=0.30 sys=0.00, real=0.30 secs] 
133.771: [Full GC (Allocation Failure) 133.771: [Tenured: 126975K->97868K(126976K), 0.1349392 secs] 741375K->97868K(741376K), [Metaspace: 9100K->9100K(1058816K)], 0.1350042 secs] [Times: user=0.14 sys=0.00, real=0.13 secs] 
141.204: [GC (Allocation Failure) 141.204: [DefNew: 307200K->307200K(614400K), 0.0000168 secs]141.204: [Tenured: 97868K->126975K(126976K), 0.3127532 secs] 405068K->404139K(741376K), [Metaspace: 9100K->9100K(1058816K)], 0.3128583 secs] [Times: user=0.31 sys=0.00, real=0.32 secs] 
149.913: [Full GC (Allocation Failure) 149.913: [Tenured: 126975K->97897K(126976K), 0.1350307 secs] 741375K->97897K(741376K), [Metaspace: 9100K->9100K(1058816K)], 0.1351037 secs] [Times: user=0.13 sys=0.00, real=0.14 secs] 
157.247: [GC (Allocation Failure) 157.247: [DefNew: 307200K->307200K(614400K), 0.0000140 secs]157.247: [Tenured: 97897K->126975K(126976K), 0.3392676 secs] 405097K->404191K(741376K), [Metaspace: 9103K->9103K(1058816K)], 0.3393853 secs] [Times: user=0.33 sys=0.01, real=0.34 secs] 
Heap
 def new generation   total 614400K, used 471088K [0x0000000780000000, 0x00000007b8400000, 0x00000007b8400000)
  eden space 307200K, 100% used [0x0000000780000000, 0x0000000792c00000, 0x0000000792c00000)
  from space 307200K,  53% used [0x0000000792c00000, 0x000000079cc0c020, 0x00000007a5800000)
  to   space 307200K,   0% used [0x00000007a5800000, 0x00000007a5800000, 0x00000007b8400000)
 tenured generation   total 126976K, used 126975K [0x00000007b8400000, 0x00000007c0000000, 0x00000007c0000000)
   the space 126976K,  99% used [0x00000007b8400000, 0x00000007bffffe98, 0x00000007c0000000, 0x00000007c0000000)
 Metaspace       used 9119K, capacity 9446K, committed 9600K, reserved 1058816K
  class space    used 1055K, capacity 1130K, committed 1152K, reserved 1048576K
