Java HotSpot(TM) 64-Bit Server VM (25.144-b01) for bsd-amd64 JRE (1.8.0_144-b01), built on Jul 21 2017 22:07:42 by "java_re" with gcc 4.2.1 (Based on Apple Inc. build 5658) (LLVM build 2336.11.00)
Memory: 4k page, physical 8388608k(237536k free)

/proc/meminfo:

CommandLine flags: -XX:InitialHeapSize=209715200 -XX:MaxGCPauseMillis=2000 -XX:MaxHeapSize=209715200 -XX:+PrintGC -XX:+PrintGCDetails -XX:+PrintGCTimeStamps -XX:+PrintTenuringDistribution -XX:+UseCompressedClassPointers -XX:+UseCompressedOops -XX:+UseG1GC 
0.882: [GC pause (G1 Evacuation Pause) (young)
Desired survivor size 4718592 bytes, new threshold 15 (max 15)
, 0.1106587 secs]
   [Parallel Time: 100.0 ms, GC Workers: 4]
      [GC Worker Start (ms): Min: 889.8, Avg: 889.9, Max: 889.9, Diff: 0.2]
      [Ext Root Scanning (ms): Min: 0.3, Avg: 6.5, Max: 13.7, Diff: 13.4, Sum: 25.8]
      [Update RS (ms): Min: 1.7, Avg: 3.7, Max: 6.3, Diff: 4.7, Sum: 14.9]
         [Processed Buffers: Min: 1, Avg: 2.2, Max: 3, Diff: 2, Sum: 9]
      [Scan RS (ms): Min: 0.0, Avg: 1.2, Max: 1.9, Diff: 1.9, Sum: 4.9]
      [Code Root Scanning (ms): Min: 0.0, Avg: 0.0, Max: 0.1, Diff: 0.1, Sum: 0.1]
      [Object Copy (ms): Min: 75.1, Avg: 80.1, Max: 85.8, Diff: 10.7, Sum: 320.6]
      [Termination (ms): Min: 0.0, Avg: 0.2, Max: 0.5, Diff: 0.5, Sum: 0.7]
         [Termination Attempts: Min: 1, Avg: 1.0, Max: 1, Diff: 0, Sum: 4]
      [GC Worker Other (ms): Min: 0.0, Avg: 0.0, Max: 0.0, Diff: 0.0, Sum: 0.1]
      [GC Worker Total (ms): Min: 91.6, Avg: 91.8, Max: 92.2, Diff: 0.6, Sum: 367.0]
      [GC Worker End (ms): Min: 981.5, Avg: 981.6, Max: 982.0, Diff: 0.4]
   [Code Root Fixup: 0.0 ms]
   [Code Root Purge: 0.0 ms]
   [Clear CT: 0.1 ms]
   [Other: 10.5 ms]
      [Choose CSet: 0.0 ms]
      [Ref Proc: 10.2 ms]
      [Ref Enq: 0.0 ms]
      [Redirty Cards: 0.1 ms]
      [Humongous Register: 0.0 ms]
      [Humongous Reclaim: 0.0 ms]
      [Free CSet: 0.1 ms]
   [Eden: 97.0M(68.0M)->0.0B(50.0M) Survivors: 0.0B->9216.0K Heap: 98.5M(200.0M)->75.2M(200.0M)]
 [Times: user=0.13 sys=0.06, real=0.12 secs] 
1.314: [GC pause (G1 Evacuation Pause) (young)
Desired survivor size 4194304 bytes, new threshold 1 (max 15)
- age   1:    9417816 bytes,    9417816 total
, 0.0937190 secs]
   [Parallel Time: 92.8 ms, GC Workers: 4]
      [GC Worker Start (ms): Min: 1313.9, Avg: 1317.3, Max: 1320.6, Diff: 6.7]
      [Ext Root Scanning (ms): Min: 0.0, Avg: 0.4, Max: 1.0, Diff: 1.0, Sum: 1.5]
      [Update RS (ms): Min: 2.3, Avg: 5.0, Max: 7.8, Diff: 5.5, Sum: 20.1]
         [Processed Buffers: Min: 2, Avg: 2.2, Max: 3, Diff: 1, Sum: 9]
      [Scan RS (ms): Min: 9.3, Avg: 9.6, Max: 10.1, Diff: 0.8, Sum: 38.3]
      [Code Root Scanning (ms): Min: 0.0, Avg: 0.0, Max: 0.1, Diff: 0.1, Sum: 0.1]
      [Object Copy (ms): Min: 67.2, Avg: 67.2, Max: 67.4, Diff: 0.2, Sum: 268.9]
      [Termination (ms): Min: 0.0, Avg: 3.6, Max: 7.3, Diff: 7.3, Sum: 14.5]
         [Termination Attempts: Min: 1, Avg: 1.0, Max: 1, Diff: 0, Sum: 4]
      [GC Worker Other (ms): Min: 0.0, Avg: 0.0, Max: 0.0, Diff: 0.0, Sum: 0.1]
      [GC Worker Total (ms): Min: 79.1, Avg: 85.9, Max: 92.8, Diff: 13.7, Sum: 343.6]
      [GC Worker End (ms): Min: 1399.6, Avg: 1403.2, Max: 1406.8, Diff: 7.2]
   [Code Root Fixup: 0.0 ms]
   [Code Root Purge: 0.0 ms]
   [Clear CT: 0.1 ms]
   [Other: 0.8 ms]
      [Choose CSet: 0.0 ms]
      [Ref Proc: 0.2 ms]
      [Ref Enq: 0.0 ms]
      [Redirty Cards: 0.2 ms]
      [Humongous Register: 0.0 ms]
      [Humongous Reclaim: 0.0 ms]
      [Free CSet: 0.3 ms]
   [Eden: 50.0M(50.0M)->0.0B(24.0M) Survivors: 9216.0K->8192.0K Heap: 127.2M(200.0M)->128.0M(200.0M)]
 [Times: user=0.14 sys=0.01, real=0.09 secs] 
1.518: [GC pause (G1 Evacuation Pause) (young) (initial-mark)
Desired survivor size 2097152 bytes, new threshold 1 (max 15)
- age   1:    8381792 bytes,    8381792 total
, 0.0276240 secs]
   [Parallel Time: 26.9 ms, GC Workers: 4]
      [GC Worker Start (ms): Min: 1517.9, Avg: 1518.0, Max: 1518.2, Diff: 0.3]
      [Ext Root Scanning (ms): Min: 0.3, Avg: 2.2, Max: 6.9, Diff: 6.6, Sum: 8.8]
      [Update RS (ms): Min: 0.0, Avg: 3.2, Max: 4.6, Diff: 4.6, Sum: 12.9]
         [Processed Buffers: Min: 0, Avg: 2.5, Max: 5, Diff: 5, Sum: 10]
      [Scan RS (ms): Min: 6.9, Avg: 8.3, Max: 8.9, Diff: 2.1, Sum: 33.3]
      [Code Root Scanning (ms): Min: 0.0, Avg: 0.0, Max: 0.0, Diff: 0.0, Sum: 0.0]
      [Object Copy (ms): Min: 13.0, Avg: 13.0, Max: 13.0, Diff: 0.0, Sum: 52.0]
      [Termination (ms): Min: 0.0, Avg: 0.0, Max: 0.0, Diff: 0.0, Sum: 0.0]
         [Termination Attempts: Min: 1, Avg: 1.0, Max: 1, Diff: 0, Sum: 4]
      [GC Worker Other (ms): Min: 0.0, Avg: 0.0, Max: 0.0, Diff: 0.0, Sum: 0.1]
      [GC Worker Total (ms): Min: 26.6, Avg: 26.8, Max: 26.8, Diff: 0.3, Sum: 107.0]
      [GC Worker End (ms): Min: 1544.8, Avg: 1544.8, Max: 1544.8, Diff: 0.0]
   [Code Root Fixup: 0.0 ms]
   [Code Root Purge: 0.0 ms]
   [Clear CT: 0.1 ms]
   [Other: 0.7 ms]
      [Choose CSet: 0.0 ms]
      [Ref Proc: 0.1 ms]
      [Ref Enq: 0.0 ms]
      [Redirty Cards: 0.2 ms]
      [Humongous Register: 0.0 ms]
      [Humongous Reclaim: 0.0 ms]
      [Free CSet: 0.2 ms]
   [Eden: 24.0M(24.0M)->0.0B(12.0M) Survivors: 8192.0K->4096.0K Heap: 152.0M(200.0M)->153.0M(200.0M)]
 [Times: user=0.09 sys=0.01, real=0.03 secs] 
1.546: [GC concurrent-root-region-scan-start]
1.547: [GC concurrent-root-region-scan-end, 0.0009700 secs]
1.547: [GC concurrent-mark-start]
1.635: [GC pause (G1 Evacuation Pause) (young)
Desired survivor size 1048576 bytes, new threshold 1 (max 15)
- age   1:    4191008 bytes,    4191008 total
, 0.0303015 secs]
   [Parallel Time: 27.8 ms, GC Workers: 4]
      [GC Worker Start (ms): Min: 1635.3, Avg: 1638.6, Max: 1644.7, Diff: 9.4]
      [Ext Root Scanning (ms): Min: 0.0, Avg: 0.1, Max: 0.3, Diff: 0.3, Sum: 0.3]
      [Update RS (ms): Min: 0.0, Avg: 1.8, Max: 3.7, Diff: 3.7, Sum: 7.2]
         [Processed Buffers: Min: 0, Avg: 2.2, Max: 4, Diff: 4, Sum: 9]
      [Scan RS (ms): Min: 0.0, Avg: 4.2, Max: 5.7, Diff: 5.7, Sum: 16.6]
      [Code Root Scanning (ms): Min: 0.0, Avg: 0.0, Max: 0.0, Diff: 0.0, Sum: 0.0]
      [Object Copy (ms): Min: 11.3, Avg: 11.3, Max: 11.3, Diff: 0.1, Sum: 45.2]
      [Termination (ms): Min: 0.0, Avg: 2.9, Max: 7.1, Diff: 7.1, Sum: 11.8]
         [Termination Attempts: Min: 1, Avg: 1.0, Max: 1, Diff: 0, Sum: 4]
      [GC Worker Other (ms): Min: 0.0, Avg: 0.0, Max: 0.0, Diff: 0.0, Sum: 0.1]
      [GC Worker Total (ms): Min: 11.3, Avg: 20.3, Max: 27.8, Diff: 16.5, Sum: 81.2]
      [GC Worker End (ms): Min: 1656.0, Avg: 1658.9, Max: 1663.1, Diff: 7.0]
   [Code Root Fixup: 0.0 ms]
   [Code Root Purge: 0.0 ms]
   [Clear CT: 0.1 ms]
   [Other: 2.3 ms]
      [Choose CSet: 0.0 ms]
      [Ref Proc: 1.9 ms]
      [Ref Enq: 0.0 ms]
      [Redirty Cards: 0.2 ms]
      [Humongous Register: 0.0 ms]
      [Humongous Reclaim: 0.0 ms]
      [Free CSet: 0.1 ms]
   [Eden: 12.0M(12.0M)->0.0B(8192.0K) Survivors: 4096.0K->2048.0K Heap: 165.0M(200.0M)->166.5M(200.0M)]
 [Times: user=0.05 sys=0.00, real=0.03 secs] 
1.779: [GC pause (G1 Evacuation Pause) (young)
Desired survivor size 1048576 bytes, new threshold 1 (max 15)
- age   1:    1482304 bytes,    1482304 total
, 0.0266584 secs]
   [Parallel Time: 15.9 ms, GC Workers: 4]
      [GC Worker Start (ms): Min: 1779.3, Avg: 1785.3, Max: 1791.7, Diff: 12.4]
      [Ext Root Scanning (ms): Min: 0.0, Avg: 0.1, Max: 0.3, Diff: 0.3, Sum: 0.4]
      [Update RS (ms): Min: 0.0, Avg: 2.6, Max: 5.3, Diff: 5.3, Sum: 10.5]
         [Processed Buffers: Min: 0, Avg: 3.0, Max: 6, Diff: 6, Sum: 12]
      [Scan RS (ms): Min: 0.0, Avg: 2.7, Max: 5.5, Diff: 5.5, Sum: 10.9]
      [Code Root Scanning (ms): Min: 0.0, Avg: 0.0, Max: 0.0, Diff: 0.0, Sum: 0.0]
      [Object Copy (ms): Min: 3.4, Avg: 4.4, Max: 4.8, Diff: 1.4, Sum: 17.5]
      [Termination (ms): Min: 0.0, Avg: 0.0, Max: 0.0, Diff: 0.0, Sum: 0.0]
         [Termination Attempts: Min: 1, Avg: 1.0, Max: 1, Diff: 0, Sum: 4]
      [GC Worker Other (ms): Min: 0.0, Avg: 0.0, Max: 0.0, Diff: 0.0, Sum: 0.1]
      [GC Worker Total (ms): Min: 3.4, Avg: 9.8, Max: 15.8, Diff: 12.4, Sum: 39.4]
      [GC Worker End (ms): Min: 1795.2, Avg: 1795.2, Max: 1795.2, Diff: 0.0]
   [Code Root Fixup: 0.0 ms]
   [Code Root Purge: 0.0 ms]
   [Clear CT: 0.1 ms]
   [Other: 10.7 ms]
      [Choose CSet: 0.0 ms]
      [Ref Proc: 10.4 ms]
      [Ref Enq: 0.0 ms]
      [Redirty Cards: 0.1 ms]
      [Humongous Register: 0.0 ms]
      [Humongous Reclaim: 0.0 ms]
      [Free CSet: 0.1 ms]
   [Eden: 8192.0K(8192.0K)->0.0B(8192.0K) Survivors: 2048.0K->2048.0K Heap: 174.5M(200.0M)->174.5M(200.0M)]
 [Times: user=0.04 sys=0.00, real=0.03 secs] 
1.852: [GC pause (G1 Evacuation Pause) (young)
Desired survivor size 1048576 bytes, new threshold 1 (max 15)
- age   1:    2096064 bytes,    2096064 total
, 0.0213845 secs]
   [Parallel Time: 10.7 ms, GC Workers: 4]
      [GC Worker Start (ms): Min: 1851.8, Avg: 1852.0, Max: 1852.0, Diff: 0.2]
      [Ext Root Scanning (ms): Min: 0.0, Avg: 0.1, Max: 0.3, Diff: 0.2, Sum: 0.4]
      [Update RS (ms): Min: 2.2, Avg: 2.4, Max: 2.6, Diff: 0.4, Sum: 9.7]
         [Processed Buffers: Min: 3, Avg: 3.8, Max: 4, Diff: 1, Sum: 15]
      [Scan RS (ms): Min: 1.9, Avg: 2.1, Max: 2.3, Diff: 0.4, Sum: 8.2]
      [Code Root Scanning (ms): Min: 0.0, Avg: 0.0, Max: 0.0, Diff: 0.0, Sum: 0.0]
      [Object Copy (ms): Min: 5.8, Avg: 5.8, Max: 5.8, Diff: 0.1, Sum: 23.2]
      [Termination (ms): Min: 0.0, Avg: 0.1, Max: 0.1, Diff: 0.1, Sum: 0.3]
         [Termination Attempts: Min: 1, Avg: 1.5, Max: 2, Diff: 1, Sum: 6]
      [GC Worker Other (ms): Min: 0.0, Avg: 0.0, Max: 0.0, Diff: 0.0, Sum: 0.0]
      [GC Worker Total (ms): Min: 10.4, Avg: 10.5, Max: 10.6, Diff: 0.2, Sum: 41.8]
      [GC Worker End (ms): Min: 1862.4, Avg: 1862.4, Max: 1862.4, Diff: 0.0]
   [Code Root Fixup: 0.0 ms]
   [Code Root Purge: 0.0 ms]
   [Clear CT: 0.1 ms]
   [Other: 10.6 ms]
      [Choose CSet: 0.0 ms]
      [Ref Proc: 10.3 ms]
      [Ref Enq: 0.0 ms]
      [Redirty Cards: 0.1 ms]
      [Humongous Register: 0.0 ms]
      [Humongous Reclaim: 0.0 ms]
      [Free CSet: 0.1 ms]
   [Eden: 8192.0K(8192.0K)->0.0B(8192.0K) Survivors: 2048.0K->2048.0K Heap: 182.5M(200.0M)->183.5M(200.0M)]
 [Times: user=0.03 sys=0.00, real=0.03 secs] 
1.911: [GC pause (G1 Evacuation Pause) (young)
Desired survivor size 1048576 bytes, new threshold 1 (max 15)
- age   1:    2095616 bytes,    2095616 total
 (to-space exhausted), 0.0239682 secs]
   [Parallel Time: 20.1 ms, GC Workers: 4]
      [GC Worker Start (ms): Min: 1910.6, Avg: 1911.4, Max: 1913.0, Diff: 2.3]
      [Ext Root Scanning (ms): Min: 0.0, Avg: 0.1, Max: 0.3, Diff: 0.3, Sum: 0.3]
      [Update RS (ms): Min: 1.5, Avg: 2.5, Max: 2.9, Diff: 1.4, Sum: 9.9]
         [Processed Buffers: Min: 2, Avg: 3.5, Max: 4, Diff: 2, Sum: 14]
      [Scan RS (ms): Min: 2.8, Avg: 3.4, Max: 3.8, Diff: 1.0, Sum: 13.7]
      [Code Root Scanning (ms): Min: 0.0, Avg: 0.0, Max: 0.0, Diff: 0.0, Sum: 0.0]
      [Object Copy (ms): Min: 13.0, Avg: 13.2, Max: 13.3, Diff: 0.3, Sum: 52.7]
      [Termination (ms): Min: 0.0, Avg: 0.2, Max: 0.3, Diff: 0.3, Sum: 0.6]
         [Termination Attempts: Min: 1, Avg: 1.0, Max: 1, Diff: 0, Sum: 4]
      [GC Worker Other (ms): Min: 0.0, Avg: 0.0, Max: 0.0, Diff: 0.0, Sum: 0.0]
      [GC Worker Total (ms): Min: 17.7, Avg: 19.3, Max: 20.1, Diff: 2.3, Sum: 77.3]
      [GC Worker End (ms): Min: 1930.7, Avg: 1930.7, Max: 1930.7, Diff: 0.0]
   [Code Root Fixup: 0.0 ms]
   [Code Root Purge: 0.0 ms]
   [Clear CT: 0.1 ms]
   [Other: 3.7 ms]
      [Evacuation Failure: 3.1 ms]
      [Choose CSet: 0.0 ms]
      [Ref Proc: 0.3 ms]
      [Ref Enq: 0.0 ms]
      [Redirty Cards: 0.2 ms]
      [Humongous Register: 0.0 ms]
      [Humongous Reclaim: 0.0 ms]
      [Free CSet: 0.0 ms]
   [Eden: 8192.0K(8192.0K)->0.0B(8192.0K) Survivors: 2048.0K->2048.0K Heap: 191.5M(200.0M)->197.5M(200.0M)]
 [Times: user=0.05 sys=0.00, real=0.03 secs] 
1.936: [GC pause (G1 Evacuation Pause) (young)
Desired survivor size 1048576 bytes, new threshold 1 (max 15)
- age   1:    2095616 bytes,    2095616 total
 (to-space exhausted), 0.0168921 secs]
   [Parallel Time: 15.6 ms, GC Workers: 4]
      [GC Worker Start (ms): Min: 1936.5, Avg: 1937.0, Max: 1937.7, Diff: 1.2]
      [Ext Root Scanning (ms): Min: 0.0, Avg: 0.1, Max: 0.2, Diff: 0.2, Sum: 0.4]
      [Update RS (ms): Min: 9.5, Avg: 10.1, Max: 10.7, Diff: 1.2, Sum: 40.4]
         [Processed Buffers: Min: 20, Avg: 23.2, Max: 27, Diff: 7, Sum: 93]
      [Scan RS (ms): Min: 0.0, Avg: 0.0, Max: 0.0, Diff: 0.0, Sum: 0.0]
      [Code Root Scanning (ms): Min: 0.0, Avg: 0.0, Max: 0.0, Diff: 0.0, Sum: 0.0]
      [Object Copy (ms): Min: 4.5, Avg: 4.8, Max: 4.9, Diff: 0.3, Sum: 19.1]
      [Termination (ms): Min: 0.0, Avg: 0.1, Max: 0.2, Diff: 0.2, Sum: 0.3]
         [Termination Attempts: Min: 1, Avg: 1.0, Max: 1, Diff: 0, Sum: 4]
      [GC Worker Other (ms): Min: 0.0, Avg: 0.0, Max: 0.0, Diff: 0.0, Sum: 0.1]
      [GC Worker Total (ms): Min: 14.4, Avg: 15.1, Max: 15.6, Diff: 1.2, Sum: 60.4]
      [GC Worker End (ms): Min: 1952.1, Avg: 1952.1, Max: 1952.1, Diff: 0.0]
   [Code Root Fixup: 0.0 ms]
   [Code Root Purge: 0.0 ms]
   [Clear CT: 0.0 ms]
   [Other: 1.2 ms]
      [Evacuation Failure: 0.9 ms]
      [Choose CSet: 0.0 ms]
      [Ref Proc: 0.1 ms]
      [Ref Enq: 0.0 ms]
      [Redirty Cards: 0.1 ms]
      [Humongous Register: 0.0 ms]
      [Humongous Reclaim: 0.0 ms]
      [Free CSet: 0.0 ms]
   [Eden: 0.0B(8192.0K)->0.0B(10.0M) Survivors: 2048.0K->0.0B Heap: 197.5M(200.0M)->197.5M(200.0M)]
 [Times: user=0.03 sys=0.00, real=0.02 secs] 
1.954: [Full GC (Allocation Failure)  197M->185M(200M), 0.2771908 secs]
   [Eden: 0.0B(10.0M)->0.0B(10.0M) Survivors: 0.0B->0.0B Heap: 197.5M(200.0M)->185.1M(200.0M)], [Metaspace: 3316K->3316K(1056768K)]
 [Times: user=0.34 sys=0.01, real=0.27 secs] 
2.232: [GC concurrent-mark-abort]
2.279: [GC pause (G1 Evacuation Pause) (young)
Desired survivor size 1048576 bytes, new threshold 15 (max 15)
 (to-space exhausted), 0.0497579 secs]
   [Parallel Time: 41.3 ms, GC Workers: 4]
      [GC Worker Start (ms): Min: 2279.3, Avg: 2279.5, Max: 2279.6, Diff: 0.3]
      [Ext Root Scanning (ms): Min: 0.0, Avg: 2.1, Max: 8.1, Diff: 8.1, Sum: 8.5]
      [Update RS (ms): Min: 0.0, Avg: 4.1, Max: 8.0, Diff: 8.0, Sum: 16.3]
         [Processed Buffers: Min: 0, Avg: 4.8, Max: 8, Diff: 8, Sum: 19]
      [Scan RS (ms): Min: 0.0, Avg: 5.4, Max: 8.3, Diff: 8.3, Sum: 21.6]
      [Code Root Scanning (ms): Min: 0.0, Avg: 0.0, Max: 0.0, Diff: 0.0, Sum: 0.0]
      [Object Copy (ms): Min: 24.4, Avg: 25.9, Max: 27.5, Diff: 3.0, Sum: 103.5]
      [Termination (ms): Min: 0.0, Avg: 0.1, Max: 0.3, Diff: 0.3, Sum: 0.5]
         [Termination Attempts: Min: 1, Avg: 1.0, Max: 1, Diff: 0, Sum: 4]
      [GC Worker Other (ms): Min: 0.0, Avg: 3.5, Max: 13.9, Diff: 13.9, Sum: 14.0]
      [GC Worker Total (ms): Min: 41.0, Avg: 41.1, Max: 41.3, Diff: 0.4, Sum: 164.5]
      [GC Worker End (ms): Min: 2320.6, Avg: 2320.6, Max: 2320.6, Diff: 0.0]
   [Code Root Fixup: 0.0 ms]
   [Code Root Purge: 0.0 ms]
   [Clear CT: 0.1 ms]
   [Other: 8.3 ms]
      [Evacuation Failure: 7.6 ms]
      [Choose CSet: 0.0 ms]
      [Ref Proc: 0.2 ms]
      [Ref Enq: 0.0 ms]
      [Redirty Cards: 0.3 ms]
      [Humongous Register: 0.0 ms]
      [Humongous Reclaim: 0.0 ms]
      [Free CSet: 0.0 ms]
   [Eden: 10.0M(10.0M)->0.0B(8192.0K) Survivors: 0.0B->2048.0K Heap: 195.1M(200.0M)->198.1M(200.0M)]
 [Times: user=0.06 sys=0.00, real=0.05 secs] 
2.329: [GC pause (G1 Evacuation Pause) (young) (initial-mark)
Desired survivor size 1048576 bytes, new threshold 1 (max 15)
- age   1:    1832752 bytes,    1832752 total
 (to-space exhausted), 0.0752425 secs]
   [Parallel Time: 45.6 ms, GC Workers: 4]
      [GC Worker Start (ms): Min: 2329.3, Avg: 2329.8, Max: 2330.0, Diff: 0.7]
      [Ext Root Scanning (ms): Min: 0.0, Avg: 0.3, Max: 0.8, Diff: 0.8, Sum: 1.3]
      [Update RS (ms): Min: 20.7, Avg: 20.9, Max: 21.1, Diff: 0.4, Sum: 83.5]
         [Processed Buffers: Min: 2, Avg: 27.8, Max: 54, Diff: 52, Sum: 111]
      [Scan RS (ms): Min: 0.0, Avg: 0.0, Max: 0.1, Diff: 0.1, Sum: 0.1]
      [Code Root Scanning (ms): Min: 0.0, Avg: 0.0, Max: 0.0, Diff: 0.0, Sum: 0.0]
      [Object Copy (ms): Min: 4.8, Avg: 5.1, Max: 5.3, Diff: 0.5, Sum: 20.4]
      [Termination (ms): Min: 0.0, Avg: 14.0, Max: 18.8, Diff: 18.8, Sum: 56.1]
         [Termination Attempts: Min: 1, Avg: 1.0, Max: 1, Diff: 0, Sum: 4]
      [GC Worker Other (ms): Min: 0.0, Avg: 0.0, Max: 0.1, Diff: 0.1, Sum: 0.1]
      [GC Worker Total (ms): Min: 26.3, Avg: 40.4, Max: 45.4, Diff: 19.1, Sum: 161.5]
      [GC Worker End (ms): Min: 2356.3, Avg: 2370.2, Max: 2374.9, Diff: 18.6]
   [Code Root Fixup: 0.0 ms]
   [Code Root Purge: 0.0 ms]
   [Clear CT: 0.4 ms]
   [Other: 29.2 ms]
      [Evacuation Failure: 1.9 ms]
      [Choose CSet: 0.0 ms]
      [Ref Proc: 12.8 ms]
      [Ref Enq: 0.0 ms]
      [Redirty Cards: 14.3 ms]
      [Humongous Register: 0.0 ms]
      [Humongous Reclaim: 0.0 ms]
      [Free CSet: 0.0 ms]
   [Eden: 0.0B(8192.0K)->0.0B(10.0M) Survivors: 2048.0K->0.0B Heap: 198.1M(200.0M)->198.1M(200.0M)]
 [Times: user=0.04 sys=0.00, real=0.08 secs] 
2.405: [GC concurrent-root-region-scan-start]
2.405: [GC concurrent-root-region-scan-end, 0.0000081 secs]
2.405: [GC concurrent-mark-start]
2.534: [Full GC (Allocation Failure)  198M->194M(200M), 0.5456568 secs]
   [Eden: 0.0B(10.0M)->0.0B(10.0M) Survivors: 0.0B->0.0B Heap: 198.1M(200.0M)->194.6M(200.0M)], [Metaspace: 3788K->3788K(1056768K)]
 [Times: user=0.37 sys=0.00, real=0.54 secs] 
3.080: [GC concurrent-mark-abort]
3.103: [GC pause (G1 Evacuation Pause) (young)
Desired survivor size 1048576 bytes, new threshold 15 (max 15)
 (to-space exhausted), 0.0473013 secs]
   [Parallel Time: 34.6 ms, GC Workers: 4]
      [GC Worker Start (ms): Min: 3103.2, Avg: 3103.8, Max: 3104.0, Diff: 0.8]
      [Ext Root Scanning (ms): Min: 0.0, Avg: 0.2, Max: 0.7, Diff: 0.7, Sum: 0.8]
      [Update RS (ms): Min: 5.2, Avg: 5.9, Max: 6.9, Diff: 1.7, Sum: 23.7]
         [Processed Buffers: Min: 3, Avg: 6.0, Max: 9, Diff: 6, Sum: 24]
      [Scan RS (ms): Min: 0.0, Avg: 0.2, Max: 0.3, Diff: 0.3, Sum: 0.6]
      [Code Root Scanning (ms): Min: 0.0, Avg: 0.0, Max: 0.0, Diff: 0.0, Sum: 0.0]
      [Object Copy (ms): Min: 16.3, Avg: 17.1, Max: 17.9, Diff: 1.5, Sum: 68.4]
      [Termination (ms): Min: 0.0, Avg: 5.4, Max: 10.7, Diff: 10.7, Sum: 21.4]
         [Termination Attempts: Min: 1, Avg: 1.0, Max: 1, Diff: 0, Sum: 4]
      [GC Worker Other (ms): Min: 0.0, Avg: 0.0, Max: 0.0, Diff: 0.0, Sum: 0.1]
      [GC Worker Total (ms): Min: 23.3, Avg: 28.8, Max: 34.6, Diff: 11.3, Sum: 115.0]
      [GC Worker End (ms): Min: 3127.3, Avg: 3132.5, Max: 3137.8, Diff: 10.5]
   [Code Root Fixup: 0.0 ms]
   [Code Root Purge: 0.0 ms]
   [Clear CT: 0.1 ms]
   [Other: 12.6 ms]
      [Evacuation Failure: 2.0 ms]
      [Choose CSet: 0.0 ms]
      [Ref Proc: 10.2 ms]
      [Ref Enq: 0.0 ms]
      [Redirty Cards: 0.1 ms]
      [Humongous Register: 0.0 ms]
      [Humongous Reclaim: 0.0 ms]
      [Free CSet: 0.0 ms]
   [Eden: 4096.0K(10.0M)->0.0B(10.0M) Survivors: 0.0B->0.0B Heap: 198.6M(200.0M)->198.6M(200.0M)]
 [Times: user=0.03 sys=0.00, real=0.05 secs] 
3.164: [GC pause (G1 Evacuation Pause) (young) (initial-mark)
Desired survivor size 1048576 bytes, new threshold 15 (max 15)
, 0.0176392 secs]
   [Parallel Time: 13.0 ms, GC Workers: 4]
      [GC Worker Start (ms): Min: 3164.7, Avg: 3164.9, Max: 3165.3, Diff: 0.6]
      [Ext Root Scanning (ms): Min: 1.1, Avg: 1.6, Max: 2.2, Diff: 1.1, Sum: 6.2]
      [Update RS (ms): Min: 0.0, Avg: 0.9, Max: 1.5, Diff: 1.5, Sum: 3.8]
         [Processed Buffers: Min: 0, Avg: 7.2, Max: 11, Diff: 11, Sum: 29]
      [Scan RS (ms): Min: 0.0, Avg: 0.0, Max: 0.0, Diff: 0.0, Sum: 0.0]
      [Code Root Scanning (ms): Min: 0.0, Avg: 0.0, Max: 0.0, Diff: 0.0, Sum: 0.0]
      [Object Copy (ms): Min: 0.0, Avg: 0.0, Max: 0.1, Diff: 0.1, Sum: 0.2]
      [Termination (ms): Min: 0.0, Avg: 5.1, Max: 10.2, Diff: 10.2, Sum: 20.4]
         [Termination Attempts: Min: 1, Avg: 1.0, Max: 1, Diff: 0, Sum: 4]
      [GC Worker Other (ms): Min: 0.0, Avg: 0.0, Max: 0.0, Diff: 0.0, Sum: 0.1]
      [GC Worker Total (ms): Min: 2.2, Avg: 7.7, Max: 12.9, Diff: 10.7, Sum: 30.7]
      [GC Worker End (ms): Min: 3167.5, Avg: 3172.6, Max: 3177.6, Diff: 10.1]
   [Code Root Fixup: 1.8 ms]
   [Code Root Purge: 0.0 ms]
   [Clear CT: 0.0 ms]
   [Other: 2.8 ms]
      [Choose CSet: 0.0 ms]
      [Ref Proc: 0.2 ms]
      [Ref Enq: 0.0 ms]
      [Redirty Cards: 0.0 ms]
      [Humongous Register: 0.6 ms]
      [Humongous Reclaim: 0.0 ms]
      [Free CSet: 0.0 ms]
   [Eden: 0.0B(10.0M)->0.0B(10.0M) Survivors: 0.0B->0.0B Heap: 198.6M(200.0M)->198.6M(200.0M)]
 [Times: user=0.00 sys=0.00, real=0.01 secs] 
3.182: [GC concurrent-root-region-scan-start]
3.182: [GC concurrent-root-region-scan-end, 0.0000077 secs]
3.182: [GC concurrent-mark-start]
3.182: [Full GC (Allocation Failure)  198M->198M(200M), 0.3953256 secs]
   [Eden: 0.0B(10.0M)->0.0B(10.0M) Survivors: 0.0B->0.0B Heap: 198.6M(200.0M)->198.3M(200.0M)], [Metaspace: 4083K->4083K(1056768K)]
 [Times: user=0.38 sys=0.01, real=0.40 secs] 
3.578: [Full GC (Allocation Failure)  198M->198M(200M), 0.3450044 secs]
   [Eden: 0.0B(10.0M)->0.0B(10.0M) Survivors: 0.0B->0.0B Heap: 198.3M(200.0M)->198.3M(200.0M)], [Metaspace: 4083K->4083K(1056768K)]
 [Times: user=0.36 sys=0.00, real=0.35 secs] 
3.923: [GC concurrent-mark-abort]
3.923: [GC pause (G1 Evacuation Pause) (young)
Desired survivor size 1048576 bytes, new threshold 15 (max 15)
, 0.0016575 secs]
   [Parallel Time: 1.3 ms, GC Workers: 4]
      [GC Worker Start (ms): Min: 3923.0, Avg: 3923.4, Max: 3923.6, Diff: 0.6]
      [Ext Root Scanning (ms): Min: 0.0, Avg: 0.1, Max: 0.4, Diff: 0.4, Sum: 0.4]
      [Update RS (ms): Min: 0.0, Avg: 0.0, Max: 0.0, Diff: 0.0, Sum: 0.0]
         [Processed Buffers: Min: 0, Avg: 0.2, Max: 1, Diff: 1, Sum: 1]
      [Scan RS (ms): Min: 0.0, Avg: 0.0, Max: 0.0, Diff: 0.0, Sum: 0.0]
      [Code Root Scanning (ms): Min: 0.0, Avg: 0.0, Max: 0.0, Diff: 0.0, Sum: 0.0]
      [Object Copy (ms): Min: 0.0, Avg: 0.0, Max: 0.0, Diff: 0.0, Sum: 0.0]
      [Termination (ms): Min: 0.0, Avg: 0.4, Max: 0.8, Diff: 0.8, Sum: 1.6]
         [Termination Attempts: Min: 1, Avg: 1.0, Max: 1, Diff: 0, Sum: 4]
      [GC Worker Other (ms): Min: 0.0, Avg: 0.0, Max: 0.0, Diff: 0.0, Sum: 0.0]
      [GC Worker Total (ms): Min: 0.0, Avg: 0.5, Max: 1.2, Diff: 1.2, Sum: 2.0]
      [GC Worker End (ms): Min: 3923.6, Avg: 3923.9, Max: 3924.2, Diff: 0.6]
   [Code Root Fixup: 0.0 ms]
   [Code Root Purge: 0.0 ms]
   [Clear CT: 0.0 ms]
   [Other: 0.4 ms]
      [Choose CSet: 0.0 ms]
      [Ref Proc: 0.2 ms]
      [Ref Enq: 0.0 ms]
      [Redirty Cards: 0.0 ms]
      [Humongous Register: 0.0 ms]
      [Humongous Reclaim: 0.0 ms]
      [Free CSet: 0.0 ms]
   [Eden: 0.0B(10.0M)->0.0B(10.0M) Survivors: 0.0B->0.0B Heap: 198.3M(200.0M)->198.3M(200.0M)]
 [Times: user=0.00 sys=0.00, real=0.00 secs] 
3.925: [GC pause (G1 Evacuation Pause) (young) (initial-mark)
Desired survivor size 1048576 bytes, new threshold 15 (max 15)
, 0.0019358 secs]
   [Parallel Time: 1.3 ms, GC Workers: 4]
      [GC Worker Start (ms): Min: 3925.2, Avg: 3925.6, Max: 3926.1, Diff: 0.9]
      [Ext Root Scanning (ms): Min: 0.0, Avg: 0.7, Max: 1.2, Diff: 1.2, Sum: 2.6]
      [Update RS (ms): Min: 0.0, Avg: 0.0, Max: 0.0, Diff: 0.0, Sum: 0.0]
         [Processed Buffers: Min: 0, Avg: 0.2, Max: 1, Diff: 1, Sum: 1]
      [Scan RS (ms): Min: 0.0, Avg: 0.0, Max: 0.0, Diff: 0.0, Sum: 0.0]
      [Code Root Scanning (ms): Min: 0.0, Avg: 0.0, Max: 0.0, Diff: 0.0, Sum: 0.0]
      [Object Copy (ms): Min: 0.0, Avg: 0.0, Max: 0.0, Diff: 0.0, Sum: 0.1]
      [Termination (ms): Min: 0.0, Avg: 0.1, Max: 0.3, Diff: 0.3, Sum: 0.5]
         [Termination Attempts: Min: 1, Avg: 1.0, Max: 1, Diff: 0, Sum: 4]
      [GC Worker Other (ms): Min: 0.0, Avg: 0.0, Max: 0.0, Diff: 0.0, Sum: 0.1]
      [GC Worker Total (ms): Min: 0.4, Avg: 0.8, Max: 1.2, Diff: 0.8, Sum: 3.3]
      [GC Worker End (ms): Min: 3926.4, Avg: 3926.4, Max: 3926.4, Diff: 0.0]
   [Code Root Fixup: 0.0 ms]
   [Code Root Purge: 0.0 ms]
   [Clear CT: 0.0 ms]
   [Other: 0.6 ms]
      [Choose CSet: 0.0 ms]
      [Ref Proc: 0.2 ms]
      [Ref Enq: 0.0 ms]
      [Redirty Cards: 0.0 ms]
      [Humongous Register: 0.0 ms]
      [Humongous Reclaim: 0.0 ms]
      [Free CSet: 0.0 ms]
   [Eden: 0.0B(10.0M)->0.0B(10.0M) Survivors: 0.0B->0.0B Heap: 198.3M(200.0M)->198.3M(200.0M)]
 [Times: user=0.00 sys=0.00, real=0.00 secs] 
3.927: [GC concurrent-root-region-scan-start]
3.927: [GC concurrent-root-region-scan-end, 0.0000049 secs]
3.927: [GC concurrent-mark-start]
3.927: [Full GC (Allocation Failure)  198M->198M(200M), 0.3006347 secs]
   [Eden: 0.0B(10.0M)->0.0B(10.0M) Survivors: 0.0B->0.0B Heap: 198.3M(200.0M)->198.3M(200.0M)], [Metaspace: 4083K->4083K(1056768K)]
 [Times: user=0.34 sys=0.01, real=0.30 secs] 
4.228: [Full GC (Allocation Failure)  198M->198M(200M), 0.2359454 secs]
   [Eden: 0.0B(10.0M)->0.0B(10.0M) Survivors: 0.0B->0.0B Heap: 198.3M(200.0M)->198.3M(200.0M)], [Metaspace: 4083K->4083K(1056768K)]
 [Times: user=0.31 sys=0.00, real=0.24 secs] 
4.464: [GC concurrent-mark-abort]
4.464: [GC pause (G1 Evacuation Pause) (young)
Desired survivor size 1048576 bytes, new threshold 15 (max 15)
, 0.0007687 secs]
   [Parallel Time: 0.4 ms, GC Workers: 4]
      [GC Worker Start (ms): Min: 4464.0, Avg: 4464.3, Max: 4464.4, Diff: 0.4]
      [Ext Root Scanning (ms): Min: 0.0, Avg: 0.0, Max: 0.2, Diff: 0.2, Sum: 0.2]
      [Update RS (ms): Min: 0.0, Avg: 0.0, Max: 0.0, Diff: 0.0, Sum: 0.0]
         [Processed Buffers: Min: 0, Avg: 0.5, Max: 2, Diff: 2, Sum: 2]
      [Scan RS (ms): Min: 0.0, Avg: 0.0, Max: 0.0, Diff: 0.0, Sum: 0.0]
      [Code Root Scanning (ms): Min: 0.0, Avg: 0.0, Max: 0.0, Diff: 0.0, Sum: 0.0]
      [Object Copy (ms): Min: 0.0, Avg: 0.0, Max: 0.0, Diff: 0.0, Sum: 0.0]
      [Termination (ms): Min: 0.0, Avg: 0.1, Max: 0.2, Diff: 0.2, Sum: 0.4]
         [Termination Attempts: Min: 1, Avg: 1.0, Max: 1, Diff: 0, Sum: 4]
      [GC Worker Other (ms): Min: 0.0, Avg: 0.0, Max: 0.0, Diff: 0.0, Sum: 0.0]
      [GC Worker Total (ms): Min: 0.0, Avg: 0.2, Max: 0.4, Diff: 0.4, Sum: 0.6]
      [GC Worker End (ms): Min: 4464.4, Avg: 4464.4, Max: 4464.5, Diff: 0.0]
   [Code Root Fixup: 0.0 ms]
   [Code Root Purge: 0.0 ms]
   [Clear CT: 0.0 ms]
   [Other: 0.3 ms]
      [Choose CSet: 0.0 ms]
      [Ref Proc: 0.2 ms]
      [Ref Enq: 0.0 ms]
      [Redirty Cards: 0.0 ms]
      [Humongous Register: 0.0 ms]
      [Humongous Reclaim: 0.0 ms]
      [Free CSet: 0.0 ms]
   [Eden: 0.0B(10.0M)->0.0B(10.0M) Survivors: 0.0B->0.0B Heap: 198.3M(200.0M)->198.3M(200.0M)]
 [Times: user=0.00 sys=0.00, real=0.00 secs] 
4.465: [GC pause (G1 Evacuation Pause) (young) (initial-mark)
Desired survivor size 1048576 bytes, new threshold 15 (max 15)
, 0.0005918 secs]
   [Parallel Time: 0.3 ms, GC Workers: 4]
      [GC Worker Start (ms): Min: 4464.9, Avg: 4464.9, Max: 4465.1, Diff: 0.2]
      [Ext Root Scanning (ms): Min: 0.0, Avg: 0.2, Max: 0.3, Diff: 0.3, Sum: 0.6]
      [Update RS (ms): Min: 0.0, Avg: 0.0, Max: 0.0, Diff: 0.0, Sum: 0.0]
         [Processed Buffers: Min: 0, Avg: 0.2, Max: 1, Diff: 1, Sum: 1]
      [Scan RS (ms): Min: 0.0, Avg: 0.0, Max: 0.0, Diff: 0.0, Sum: 0.0]
      [Code Root Scanning (ms): Min: 0.0, Avg: 0.0, Max: 0.0, Diff: 0.0, Sum: 0.0]
      [Object Copy (ms): Min: 0.0, Avg: 0.0, Max: 0.0, Diff: 0.0, Sum: 0.0]
      [Termination (ms): Min: 0.0, Avg: 0.1, Max: 0.1, Diff: 0.1, Sum: 0.3]
         [Termination Attempts: Min: 1, Avg: 1.0, Max: 1, Diff: 0, Sum: 4]
      [GC Worker Other (ms): Min: 0.0, Avg: 0.0, Max: 0.0, Diff: 0.0, Sum: 0.0]
      [GC Worker Total (ms): Min: 0.1, Avg: 0.3, Max: 0.3, Diff: 0.2, Sum: 1.0]
      [GC Worker End (ms): Min: 4465.2, Avg: 4465.2, Max: 4465.2, Diff: 0.0]
   [Code Root Fixup: 0.0 ms]
   [Code Root Purge: 0.0 ms]
   [Clear CT: 0.0 ms]
   [Other: 0.2 ms]
      [Choose CSet: 0.0 ms]
      [Ref Proc: 0.1 ms]
      [Ref Enq: 0.0 ms]
      [Redirty Cards: 0.0 ms]
      [Humongous Register: 0.0 ms]
      [Humongous Reclaim: 0.0 ms]
      [Free CSet: 0.0 ms]
   [Eden: 0.0B(10.0M)->0.0B(10.0M) Survivors: 0.0B->0.0B Heap: 198.3M(200.0M)->198.3M(200.0M)]
 [Times: user=0.00 sys=0.00, real=0.00 secs] 
4.466: [GC concurrent-root-region-scan-start]
4.466: [GC concurrent-root-region-scan-end, 0.0000048 secs]
4.466: [GC concurrent-mark-start]
4.466: [Full GC (Allocation Failure)  198M->475K(200M), 0.0254410 secs]
   [Eden: 0.0B(10.0M)->0.0B(110.0M) Survivors: 0.0B->0.0B Heap: 198.3M(200.0M)->475.2K(200.0M)], [Metaspace: 4083K->4083K(1056768K)]
 [Times: user=0.03 sys=0.01, real=0.02 secs] 
4.492: [GC concurrent-mark-abort]
Heap
 garbage-first heap   total 204800K, used 15835K [0x00000007b3800000, 0x00000007b3900640, 0x00000007c0000000)
  region size 1024K, 16 young (16384K), 0 survivors (0K)
 Metaspace       used 9017K, capacity 9312K, committed 9344K, reserved 1056768K
  class space    used 1054K, capacity 1129K, committed 1152K, reserved 1048576K
