Java HotSpot(TM) 64-Bit Server VM (25.144-b01) for bsd-amd64 JRE (1.8.0_144-b01), built on Jul 21 2017 22:07:42 by "java_re" with gcc 4.2.1 (Based on Apple Inc. build 5658) (LLVM build 2336.11.00)
Memory: 4k page, physical 8388608k(224136k free)

/proc/meminfo:

CommandLine flags: -XX:InitialHeapSize=209715200 -XX:MaxHeapSize=209715200 -XX:MaxNewSize=69906432 -XX:MaxTenuringThreshold=6 -XX:NewSize=69906432 -XX:OldPLABSize=16 -XX:OldSize=139808768 -XX:+PrintGC -XX:+PrintGCDetails -XX:+PrintGCTimeStamps -XX:+UseCompressedClassPointers -XX:+UseCompressedOops -XX:+UseConcMarkSweepGC -XX:+UseParNewGC 
0.609: [GC (Allocation Failure) 0.609: [ParNew: 54656K->6784K(61440K), 0.0447211 secs] 54656K->27097K(198016K), 0.0448179 secs] [Times: user=0.09 sys=0.02, real=0.04 secs] 
0.917: [GC (Allocation Failure) 0.917: [ParNew: 61440K->6784K(61440K), 0.0786974 secs] 81753K->80778K(198016K), 0.0787734 secs] [Times: user=0.12 sys=0.04, real=0.08 secs] 
0.996: [GC (CMS Initial Mark) [1 CMS-initial-mark: 73994K(136576K)] 81812K(198016K), 0.0022868 secs] [Times: user=0.01 sys=0.00, real=0.00 secs] 
0.998: [CMS-concurrent-mark-start]
1.036: [CMS-concurrent-mark: 0.038/0.038 secs] [Times: user=0.05 sys=0.00, real=0.04 secs] 
1.036: [CMS-concurrent-preclean-start]
1.065: [CMS-concurrent-preclean: 0.027/0.029 secs] [Times: user=0.01 sys=0.00, real=0.03 secs] 
1.065: [CMS-concurrent-abortable-preclean-start]
1.382: [GC (Allocation Failure) 1.382: [ParNew: 61440K->6784K(61440K), 0.0706301 secs] 135434K->135426K(198016K), 0.0706968 secs] [Times: user=0.15 sys=0.04, real=0.07 secs] 
1.500: [CMS-concurrent-abortable-preclean: 0.359/0.435 secs] [Times: user=0.43 sys=0.04, real=0.44 secs] 
1.501: [GC (CMS Final Remark) [YG occupancy: 18934 K (61440 K)]1.501: [Rescan (parallel) , 0.0045708 secs]1.505: [weak refs processing, 0.0000191 secs]1.505: [class unloading, 0.0005281 secs]1.506: [scrub symbol table, 0.0006056 secs]1.506: [scrub string table, 0.0001318 secs][1 CMS-remark: 128642K(136576K)] 147577K(198016K), 0.0059760 secs] [Times: user=0.01 sys=0.00, real=0.00 secs] 
1.507: [CMS-concurrent-sweep-start]
1.529: [CMS-concurrent-sweep: 0.023/0.023 secs] [Times: user=0.03 sys=0.00, real=0.03 secs] 
1.529: [CMS-concurrent-reset-start]
1.529: [CMS-concurrent-reset: 0.000/0.000 secs] [Times: user=0.00 sys=0.00, real=0.00 secs] 
1.674: [GC (Allocation Failure) 1.674: [ParNew: 61440K->61440K(61440K), 0.0000159 secs]1.674: [CMS: 128610K->136575K(136576K), 0.2860443 secs] 190050K->187354K(198016K), [Metaspace: 3303K->3303K(1056768K)], 0.2861946 secs] [Times: user=0.23 sys=0.00, real=0.29 secs] 
1.961: [GC (CMS Initial Mark) [1 CMS-initial-mark: 136575K(136576K)] 189504K(198016K), 0.0131157 secs] [Times: user=0.01 sys=0.00, real=0.01 secs] 
1.975: [CMS-concurrent-mark-start]
2.023: [Full GC (Allocation Failure) 2.023: [CMS2.050: [CMS-concurrent-mark: 0.076/0.076 secs] [Times: user=0.09 sys=0.00, real=0.08 secs] 
 (concurrent mode failure): 136575K->136575K(136576K), 0.3095472 secs] 198015K->196922K(198016K), [Metaspace: 3303K->3303K(1056768K)], 0.3096300 secs] [Times: user=0.20 sys=0.00, real=0.31 secs] 
2.340: [Full GC (Allocation Failure) 2.340: [CMS: 136575K->136575K(136576K), 0.2913270 secs] 198015K->197872K(198016K), [Metaspace: 3462K->3462K(1056768K)], 0.2914150 secs] [Times: user=0.21 sys=0.00, real=0.29 secs] 
2.632: [GC (CMS Initial Mark) [1 CMS-initial-mark: 136575K(136576K)] 197874K(198016K), 0.0176474 secs] [Times: user=0.03 sys=0.00, real=0.02 secs] 
2.649: [CMS-concurrent-mark-start]
2.650: [Full GC (Allocation Failure) 2.650: [CMS2.733: [CMS-concurrent-mark: 0.083/0.083 secs] [Times: user=0.08 sys=0.00, real=0.08 secs] 
 (concurrent mode failure): 136575K->136575K(136576K), 0.3006450 secs] 198015K->197997K(198016K), [Metaspace: 3489K->3489K(1056768K)], 0.3007227 secs] [Times: user=0.27 sys=0.01, real=0.30 secs] 
2.951: [Full GC (Allocation Failure) 2.951: [CMS: 136575K->136575K(136576K), 0.1660036 secs] 198015K->198015K(198016K), [Metaspace: 3489K->3489K(1056768K)], 0.1661331 secs] [Times: user=0.16 sys=0.00, real=0.16 secs] 
3.117: [Full GC (Allocation Failure) 3.117: [CMS: 136575K->136575K(136576K), 0.1684394 secs] 198015K->197995K(198016K), [Metaspace: 3489K->3489K(1056768K)], 0.1685422 secs] [Times: user=0.17 sys=0.00, real=0.17 secs] 
3.286: [GC (CMS Initial Mark) [1 CMS-initial-mark: 136575K(136576K)] 197996K(198016K), 0.0127402 secs] [Times: user=0.01 sys=0.00, real=0.02 secs] 
3.299: [CMS-concurrent-mark-start]
3.299: [Full GC (Allocation Failure) 3.299: [CMS3.350: [CMS-concurrent-mark: 0.051/0.051 secs] [Times: user=0.05 sys=0.00, real=0.05 secs] 
 (concurrent mode failure): 136575K->136575K(136576K), 0.1946696 secs] 198015K->198015K(198016K), [Metaspace: 3489K->3489K(1056768K)], 0.1947246 secs] [Times: user=0.19 sys=0.00, real=0.19 secs] 
3.494: [Full GC (Allocation Failure) 3.494: [CMS: 136575K->136575K(136576K), 0.1415364 secs] 198015K->198015K(198016K), [Metaspace: 3489K->3489K(1056768K)], 0.1415817 secs] [Times: user=0.14 sys=0.00, real=0.14 secs] 
3.636: [Full GC (Allocation Failure) 3.636: [CMS: 136575K->136575K(136576K), 0.1440915 secs] 198015K->198015K(198016K), [Metaspace: 3490K->3490K(1056768K)], 0.1441517 secs] [Times: user=0.14 sys=0.00, real=0.15 secs] 
3.780: [Full GC (Allocation Failure) 3.780: [CMS: 136576K->136575K(136576K), 0.1395378 secs] 198016K->198015K(198016K), [Metaspace: 3491K->3491K(1056768K)], 0.1395874 secs] [Times: user=0.14 sys=0.00, real=0.14 secs] 
3.920: [Full GC (Allocation Failure) 3.920: [CMS: 136575K->136575K(136576K), 0.1436287 secs] 198015K->198015K(198016K), [Metaspace: 3491K->3491K(1056768K)], 0.1436805 secs] [Times: user=0.14 sys=0.01, real=0.14 secs] 
4.064: [Full GC (Allocation Failure) 4.064: [CMS: 136575K->136575K(136576K), 0.1410226 secs] 198015K->198014K(198016K), [Metaspace: 3491K->3491K(1056768K)], 0.1410726 secs] [Times: user=0.14 sys=0.00, real=0.14 secs] 
4.205: [Full GC (Allocation Failure) 4.205: [CMS: 136575K->136575K(136576K), 0.1434082 secs] 198014K->198014K(198016K), [Metaspace: 3491K->3491K(1056768K)], 0.1434638 secs] [Times: user=0.14 sys=0.00, real=0.15 secs] 
4.349: [Full GC (Allocation Failure) 4.349: [CMS: 136575K->136575K(136576K), 0.1447999 secs] 198014K->198014K(198016K), [Metaspace: 3491K->3491K(1056768K)], 0.1448444 secs] [Times: user=0.15 sys=0.00, real=0.14 secs] 
4.494: [GC (CMS Initial Mark) [1 CMS-initial-mark: 136575K(136576K)] 198014K(198016K), 0.0131811 secs] [Times: user=0.01 sys=0.00, real=0.01 secs] 
4.507: [CMS-concurrent-mark-start]
4.507: [Full GC (Allocation Failure) 4.507: [CMS4.560: [CMS-concurrent-mark: 0.053/0.053 secs] [Times: user=0.05 sys=0.00, real=0.06 secs] 
 (concurrent mode failure): 136575K->136575K(136576K), 0.2591865 secs] 198015K->198014K(198016K), [Metaspace: 3515K->3515K(1056768K)], 0.2592360 secs] [Times: user=0.25 sys=0.00, real=0.26 secs] 
4.767: [Full GC (Allocation Failure) 4.767: [CMS: 136575K->136575K(136576K), 0.1644762 secs] 198014K->198014K(198016K), [Metaspace: 3517K->3517K(1056768K)], 0.1645320 secs] [Times: user=0.16 sys=0.01, real=0.17 secs] 
4.931: [Full GC (Allocation Failure) 4.931: [CMS: 136575K->136575K(136576K), 0.1600659 secs] 198014K->198014K(198016K), [Metaspace: 3517K->3517K(1056768K)], 0.1601122 secs] [Times: user=0.15 sys=0.00, real=0.16 secs] 
5.092: [GC (CMS Initial Mark) [1 CMS-initial-mark: 136575K(136576K)] 198014K(198016K), 0.0136385 secs] [Times: user=0.02 sys=0.00, real=0.01 secs] 
5.105: [CMS-concurrent-mark-start]
5.106: [Full GC (Allocation Failure) 5.106: [CMS5.157: [CMS-concurrent-mark: 0.051/0.051 secs] [Times: user=0.05 sys=0.00, real=0.05 secs] 
 (concurrent mode failure): 136575K->136576K(136576K), 0.2523076 secs] 198014K->198014K(198016K), [Metaspace: 3520K->3520K(1056768K)], 0.2523785 secs] [Times: user=0.25 sys=0.00, real=0.26 secs] 
5.358: [Full GC (Allocation Failure) 5.358: [CMS: 136576K->136576K(136576K), 0.1674989 secs] 198014K->198014K(198016K), [Metaspace: 3520K->3520K(1056768K)], 0.1675442 secs] [Times: user=0.16 sys=0.00, real=0.16 secs] 
5.526: [Full GC (Allocation Failure) 5.526: [CMS: 136576K->136575K(136576K), 0.1986779 secs] 198015K->198013K(198016K), [Metaspace: 3533K->3533K(1056768K)], 0.1987352 secs] [Times: user=0.20 sys=0.01, real=0.20 secs] 
5.725: [Full GC (Allocation Failure) 5.725: [CMS: 136575K->136575K(136576K), 0.1710486 secs] 198013K->198013K(198016K), [Metaspace: 3533K->3533K(1056768K)], 0.1711007 secs] [Times: user=0.16 sys=0.00, real=0.17 secs] 
5.896: [GC (CMS Initial Mark) [1 CMS-initial-mark: 136575K(136576K)] 198014K(198016K), 0.0162654 secs] [Times: user=0.02 sys=0.00, real=0.02 secs] 
5.913: [CMS-concurrent-mark-start]
5.913: [Full GC (Allocation Failure) 5.913: [CMS5.967: [CMS-concurrent-mark: 0.054/0.054 secs] [Times: user=0.06 sys=0.00, real=0.05 secs] 
 (concurrent mode failure): 136575K->136575K(136576K), 0.2280901 secs] 198014K->198014K(198016K), [Metaspace: 3545K->3545K(1056768K)], 0.2281450 secs] [Times: user=0.23 sys=0.00, real=0.23 secs] 
6.141: [Full GC (Allocation Failure) 6.141: [CMS: 136575K->136575K(136576K), 0.1718000 secs] 198014K->198014K(198016K), [Metaspace: 3545K->3545K(1056768K)], 0.1718497 secs] [Times: user=0.17 sys=0.00, real=0.17 secs] 
6.313: [Full GC (Allocation Failure) 6.313: [CMS: 136575K->136575K(136576K), 0.1694619 secs] 198014K->198014K(198016K), [Metaspace: 3547K->3547K(1056768K)], 0.1695135 secs] [Times: user=0.16 sys=0.00, real=0.17 secs] 
6.483: [Full GC (Allocation Failure) 6.483: [CMS: 136575K->136575K(136576K), 0.1660649 secs] 198014K->198014K(198016K), [Metaspace: 3547K->3547K(1056768K)], 0.1661113 secs] [Times: user=0.16 sys=0.00, real=0.17 secs] 
6.649: [GC (CMS Initial Mark) [1 CMS-initial-mark: 136575K(136576K)] 198015K(198016K), 0.0118094 secs] [Times: user=0.02 sys=0.00, real=0.01 secs] 
6.661: [CMS-concurrent-mark-start]
6.662: [Full GC (Allocation Failure) 6.662: [CMS6.713: [CMS-concurrent-mark: 0.051/0.052 secs] [Times: user=0.05 sys=0.00, real=0.05 secs] 
 (concurrent mode failure): 136575K->136575K(136576K), 0.2235060 secs] 198015K->198015K(198016K), [Metaspace: 3553K->3553K(1056768K)], 0.2236207 secs] [Times: user=0.21 sys=0.00, real=0.22 secs] 
6.885: [Full GC (Allocation Failure) 6.885: [CMS: 136575K->136575K(136576K), 0.1681345 secs] 198015K->198015K(198016K), [Metaspace: 3553K->3553K(1056768K)], 0.1681835 secs] [Times: user=0.17 sys=0.00, real=0.17 secs] 
7.054: [Full GC (Allocation Failure) 7.054: [CMS: 136575K->136575K(136576K), 0.1591900 secs] 198015K->198015K(198016K), [Metaspace: 3555K->3555K(1056768K)], 0.1592402 secs] [Times: user=0.15 sys=0.00, real=0.16 secs] 
7.213: [Full GC (Allocation Failure) 7.213: [CMS: 136575K->136575K(136576K), 0.1966311 secs] 198015K->198015K(198016K), [Metaspace: 3555K->3555K(1056768K)], 0.1966806 secs] [Times: user=0.19 sys=0.00, real=0.20 secs] 
7.410: [Full GC (Allocation Failure) 7.410: [CMS: 136575K->136575K(136576K), 0.1761551 secs] 198015K->198015K(198016K), [Metaspace: 3555K->3555K(1056768K)], 0.1762008 secs] [Times: user=0.17 sys=0.01, real=0.17 secs] 
7.586: [GC (CMS Initial Mark) [1 CMS-initial-mark: 136575K(136576K)] 198015K(198016K), 0.0138616 secs] [Times: user=0.02 sys=0.00, real=0.02 secs] 
7.600: [CMS-concurrent-mark-start]
7.601: [Full GC (Allocation Failure) 7.601: [CMS7.656: [CMS-concurrent-mark: 0.056/0.056 secs] [Times: user=0.05 sys=0.00, real=0.05 secs] 
 (concurrent mode failure): 136575K->136575K(136576K), 0.2667963 secs] 198015K->198015K(198016K), [Metaspace: 3558K->3558K(1056768K)], 0.2668510 secs] [Times: user=0.26 sys=0.00, real=0.26 secs] 
7.868: [Full GC (Allocation Failure) 7.868: [CMS: 136575K->136575K(136576K), 0.1806452 secs] 198015K->198015K(198016K), [Metaspace: 3558K->3558K(1056768K)], 0.1807000 secs] [Times: user=0.18 sys=0.00, real=0.19 secs] 
8.048: [Full GC (Allocation Failure) 8.048: [CMS: 136575K->136575K(136576K), 0.1732335 secs] 198015K->198015K(198016K), [Metaspace: 3558K->3558K(1056768K)], 0.1732884 secs] [Times: user=0.17 sys=0.00, real=0.17 secs] 
8.222: [Full GC (Allocation Failure) 8.222: [CMS: 136575K->136575K(136576K), 0.1819042 secs] 198015K->198015K(198016K), [Metaspace: 3558K->3558K(1056768K)], 0.1819542 secs] [Times: user=0.18 sys=0.00, real=0.18 secs] 
8.404: [Full GC (Allocation Failure) 8.404: [CMS: 136575K->136575K(136576K), 0.1690965 secs] 198015K->198015K(198016K), [Metaspace: 3558K->3558K(1056768K)], 0.1691726 secs] [Times: user=0.17 sys=0.01, real=0.17 secs] 
8.573: [Full GC (Allocation Failure) 8.573: [CMS: 136575K->136575K(136576K), 0.1635970 secs] 198015K->198015K(198016K), [Metaspace: 3558K->3558K(1056768K)], 0.1636730 secs] [Times: user=0.16 sys=0.00, real=0.16 secs] 
8.737: [Full GC (Allocation Failure) 8.737: [CMS: 136575K->136575K(136576K), 0.1629378 secs] 198015K->198015K(198016K), [Metaspace: 3558K->3558K(1056768K)], 0.1629945 secs] [Times: user=0.16 sys=0.00, real=0.17 secs] 
8.900: [GC (CMS Initial Mark) [1 CMS-initial-mark: 136575K(136576K)] 198015K(198016K), 0.0130490 secs] [Times: user=0.02 sys=0.00, real=0.01 secs] 
8.913: [CMS-concurrent-mark-start]
8.914: [Full GC (Allocation Failure) 8.914: [CMS8.967: [CMS-concurrent-mark: 0.053/0.053 secs] [Times: user=0.05 sys=0.00, real=0.05 secs] 
 (concurrent mode failure): 136575K->439K(136576K), 0.0774535 secs] 198015K->439K(198016K), [Metaspace: 3559K->3559K(1056768K)], 0.0775077 secs] [Times: user=0.07 sys=0.00, real=0.08 secs] 
Heap
 par new generation   total 61440K, used 3643K [0x00000007b3800000, 0x00000007b7aa0000, 0x00000007b7aa0000)
  eden space 54656K,   6% used [0x00000007b3800000, 0x00000007b3b8eff0, 0x00000007b6d60000)
  from space 6784K,   0% used [0x00000007b7400000, 0x00000007b7400000, 0x00000007b7aa0000)
  to   space 6784K,   0% used [0x00000007b6d60000, 0x00000007b6d60000, 0x00000007b7400000)
 concurrent mark-sweep generation total 136576K, used 439K [0x00000007b7aa0000, 0x00000007c0000000, 0x00000007c0000000)
 Metaspace       used 4098K, capacity 4572K, committed 4864K, reserved 1056768K
  class space    used 447K, capacity 460K, committed 512K, reserved 1048576K
